// Jest Snapshot v1, https://goo.gl/fbAQLP

exports[`<NotchedBase /> should match snapshot for active notch 1`] = `
<div
  class="base root_base"
>
  <div
    class="borders_root_default_base"
  >
    <div
      class="borderDefaults_base borders_leading_base"
    />
    <div
      class="borderDefaults_base borders_middle_base"
      style="width: 16px;"
    >
      <label
        class="placeholder_default_base placeholderPlacement_shifted_base"
      >
        placeholder something
      </label>
    </div>
    <div
      class="borderDefaults_base borders_trailing_base"
    />
  </div>
</div>
`;

exports[`<NotchedBase /> should match snapshot for default notch 1`] = `
<div
  class="base root_base"
>
  <div
    class="borders_root_default_base"
  >
    <div
      class="borderDefaults_base borders_leading_base"
    />
    <div
      class="borderDefaults_base borders_middle_base"
      style="width: 16px;"
    >
      <label
        class="placeholder_default_base placeholderPlacement_shifted_base"
      >
        placeholder something
      </label>
    </div>
    <div
      class="borderDefaults_base borders_trailing_base"
    />
  </div>
</div>
`;

exports[`<NotchedBase /> should match snapshot for dirty and active notch 1`] = `
<div
  class="base root_base"
>
  <div
    class="borders_root_default_base"
  >
    <div
      class="borderDefaults_base borders_leading_base"
    />
    <div
      class="borderDefaults_base borders_middle_base"
      style="width: 16px;"
    >
      <label
        class="placeholder_default_base placeholderPlacement_shifted_base"
      >
        placeholder something
      </label>
    </div>
    <div
      class="borderDefaults_base borders_trailing_base"
    />
  </div>
</div>
`;

exports[`<NotchedBase /> should match snapshot for dirty notch 1`] = `
<div
  class="base root_base"
>
  <div
    class="borders_root_default_base"
  >
    <div
      class="borderDefaults_base borders_leading_base"
    />
    <div
      class="borderDefaults_base borders_middle_base"
      style="width: 16px;"
    >
      <label
        class="placeholder_default_base placeholderPlacement_shifted_base"
      >
        placeholder something
      </label>
    </div>
    <div
      class="borderDefaults_base borders_trailing_base"
    />
  </div>
</div>
`;
