// Jest Snapshot v1, https://goo.gl/fbAQLP

exports[`<Icon /> should match snapshot for same icon 1`] = `
<i
  class="base display_block small_mobile_base"
>
  <svg
    viewBox="0 0 512 512"
    xmlns="http://www.w3.org/2000/svg"
  >
    <path
      d="M183.253 353.707L280.96 256l-97.707-97.92 30.08-30.08 128 128-128 128-30.08-30.293z"
    />
  </svg>
</i>
`;
