// Jest Snapshot v1, https://goo.gl/fbAQLP

exports[`<Actions /> should match the snapshot 1`] = `
<div
  class="root equalWidth"
/>
`;
