// Jest Snapshot v1, https://goo.gl/fbAQLP

exports[`<Section /> should match the snapshot 1`] = `
<div
  class="width_full root width_medium_base"
/>
`;
