// Jest Snapshot v1, https://goo.gl/fbAQLP

exports[`<Portal /> should match the snapshot 1`] = `null`;
