// Jest Snapshot v1, https://goo.gl/fbAQLP

exports[`<HintText /> should match snapshot for active hint 1`] = `
<p
  class="base textAlign_left root_base sizes_2_base fontWeight_normal_base base base 2_mobile_base 4_mobile_base hintText_base"
>
  Hello World!
</p>
`;

exports[`<HintText /> should match snapshot for default hint 1`] = `
<p
  class="base textAlign_left root_base sizes_2_base fontWeight_normal_base base base 2_mobile_base 4_mobile_base hintText_base"
>
  Hello World!
</p>
`;
