// Jest Snapshot v1, https://goo.gl/fbAQLP

exports[`<LinearProgressIndicator /> should match snapshot 1`] = `
<div
  class="base width_full position_relative overflow_hidden backgroundColours_gray200_base root_base"
>
  <div
    class="base width_full height_full position_absolute linearProgressBar"
  >
    <span
      class="base width_full height_full position_absolute backgroundColours_green300_base linearProgressBarInner"
    />
  </div>
</div>
`;
