// Jest Snapshot v1, https://goo.gl/fbAQLP

exports[`<Actions /> should match the snapshot 1`] = `
<div
  class="reset_block__6swfds3 useBoxStyles_display_flex__7o6k06ev useBoxStyles_width_none__7o6k06eh useBoxStyles_makeResponsiveStyle_key_bp__7o6k06ff useNegativeMarginLeft_makeResponsiveStyle_key_bp__18e9yxq8 useNegativeMarginTop_makeResponsiveStyle_key_bp__7pu7y48 Columns_align_stretch__wkgcjh2b Columns_wrapping_wrap__wkgcjh28"
/>
`;
