// Vitest Snapshot v1, https://vitest.dev/guide/snapshot.html

exports[`<Bullet /> > should match the snapshot 1`] = `
<div
  class="theme_OD_Base__j49br80"
  data-od-component="provider"
>
  <li
    class="elementReset_resetVariants__18vhvlid elementReset_resetVariants_as_li__18vhvli11  Bullet_root_default__13ecipx1"
  />
</div>
`;
