// Jest Snapshot v1, https://goo.gl/fbAQLP

exports[`<Box /> should match snapshot for default Box 1`] = `
<div
  class="reset_block__6swfds3"
/>
`;
