// Jest Snapshot v1, https://goo.gl/fbAQLP

exports[`<Expandable /> should match snapshot for list with a closed item 1`] = `"<div class=\\"expandable\\" aria-label=\\"expandable list\\"><article class=\\"expandableItem\\" aria-label=\\"expandable item\\" aria-expanded=\\"false\\"><header aria-label=\\"expandable item header\\" class=\\"title\\"><i style=\\"width: 16px; height: 16px;\\" class=\\"root arrow\\"><svg xmlns=\\"http://www.w3.org/2000/svg\\" viewBox=\\"0 0 512 512\\"><path d=\\"M158.08 183.04L256 280.96l97.92-97.92L384 213.333l-128 128-128-128 30.08-30.293z\\"></path></svg></i><h1>Title</h1></header></article></div>"`;

exports[`<Expandable /> should match snapshot for list with an open item 1`] = `"<div class=\\"expandable\\" aria-label=\\"expandable list\\"><article class=\\"expandableItem\\" aria-label=\\"expandable item\\" aria-expanded=\\"false\\"><header aria-label=\\"expandable item header\\" class=\\"title\\"><i style=\\"width: 16px; height: 16px;\\" class=\\"root arrow\\"><svg xmlns=\\"http://www.w3.org/2000/svg\\" viewBox=\\"0 0 512 512\\"><path d=\\"M158.08 183.04L256 280.96l97.92-97.92L384 213.333l-128 128-128-128 30.08-30.293z\\"></path></svg></i><h1>Title</h1></header></article></div>"`;

exports[`<Expandable /> should match snapshot for list without items 1`] = `"<div class=\\"expandable\\" aria-label=\\"expandable list\\"></div>"`;

exports[`<Expandable /> should match snapshot for multi list with open and closed items 1`] = `"<div class=\\"expandable\\" aria-label=\\"expandable list\\"><article class=\\"expandableItem\\" aria-label=\\"expandable item\\" aria-expanded=\\"false\\"><header aria-label=\\"expandable item header\\" class=\\"title\\"><i style=\\"width: 16px; height: 16px;\\" class=\\"root arrow\\"><svg xmlns=\\"http://www.w3.org/2000/svg\\" viewBox=\\"0 0 512 512\\"><path d=\\"M158.08 183.04L256 280.96l97.92-97.92L384 213.333l-128 128-128-128 30.08-30.293z\\"></path></svg></i><h1>Title1</h1></header></article><article class=\\"expandableItem\\" aria-label=\\"expandable item\\" aria-expanded=\\"false\\"><header aria-label=\\"expandable item header\\" class=\\"title\\"><i style=\\"width: 16px; height: 16px;\\" class=\\"root arrow\\"><svg xmlns=\\"http://www.w3.org/2000/svg\\" viewBox=\\"0 0 512 512\\"><path d=\\"M158.08 183.04L256 280.96l97.92-97.92L384 213.333l-128 128-128-128 30.08-30.293z\\"></path></svg></i><h1>Title2</h1></header></article><article class=\\"expandableItem open\\" aria-label=\\"expandable item\\" aria-expanded=\\"true\\"><header aria-label=\\"expandable item header\\" class=\\"title\\"><i style=\\"width: 16px; height: 16px;\\" class=\\"root arrow\\"><svg xmlns=\\"http://www.w3.org/2000/svg\\" viewBox=\\"0 0 512 512\\"><path d=\\"M158.08 183.04L256 280.96l97.92-97.92L384 213.333l-128 128-128-128 30.08-30.293z\\"></path></svg></i><h1>Title3</h1></header><section aria-label=\\"expandable item body\\" class=\\"body\\"><p>Body3</p></section></article></div>"`;

exports[`<Expandable /> should match snapshot for none-multi list with open and closed items 1`] = `"<div class=\\"expandable\\" aria-label=\\"expandable list\\"><article class=\\"expandableItem\\" aria-label=\\"expandable item\\" aria-expanded=\\"false\\"><header aria-label=\\"expandable item header\\" class=\\"title\\"><i style=\\"width: 16px; height: 16px;\\" class=\\"root arrow\\"><svg xmlns=\\"http://www.w3.org/2000/svg\\" viewBox=\\"0 0 512 512\\"><path d=\\"M158.08 183.04L256 280.96l97.92-97.92L384 213.333l-128 128-128-128 30.08-30.293z\\"></path></svg></i><h1>Title1</h1></header></article><article class=\\"expandableItem\\" aria-label=\\"expandable item\\" aria-expanded=\\"false\\"><header aria-label=\\"expandable item header\\" class=\\"title\\"><i style=\\"width: 16px; height: 16px;\\" class=\\"root arrow\\"><svg xmlns=\\"http://www.w3.org/2000/svg\\" viewBox=\\"0 0 512 512\\"><path d=\\"M158.08 183.04L256 280.96l97.92-97.92L384 213.333l-128 128-128-128 30.08-30.293z\\"></path></svg></i><h1>Title2</h1></header></article><article class=\\"expandableItem open\\" aria-label=\\"expandable item\\" aria-expanded=\\"true\\"><header aria-label=\\"expandable item header\\" class=\\"title\\"><i style=\\"width: 16px; height: 16px;\\" class=\\"root arrow\\"><svg xmlns=\\"http://www.w3.org/2000/svg\\" viewBox=\\"0 0 512 512\\"><path d=\\"M158.08 183.04L256 280.96l97.92-97.92L384 213.333l-128 128-128-128 30.08-30.293z\\"></path></svg></i><h1>Title3</h1></header><section aria-label=\\"expandable item body\\" class=\\"body\\"><p>Body3</p></section></article></div>"`;
