// Jest Snapshot v1, https://goo.gl/fbAQLP

exports[`<Positioner /> should match snapshot 1`] = `
<body
  style="background-color: rgb(255, 255, 255); color: rgb(33, 35, 56);"
>
  <div />
  <div
    class="base root_default"
    role="presentation"
  >
    <div
      aria-hidden="true"
      class="backdropRoot_default_base backdrop_root backdropRoot_invisible_base"
    />
    <div
      class="root"
      role="none presentation"
      style="visibility: visible;"
    >
      Some body
    </div>
  </div>
</body>
`;
