// Jest Snapshot v1, https://goo.gl/fbAQLP

exports[`<LinearProgressIndicator /> should match snapshot 1`] = `
<div
  class="root"
>
  <div
    class="linearProgressBar"
  >
    <span
      class="linearProgressBarInner"
    />
  </div>
</div>
`;
